=== AstroAxis Auto-Update Mon Jun 29 10:00:01 AM UTC 2026 ===
2026-06-29 18:00:01,769 [INFO] Added 25 historical events from Wikipedia
2026-06-29 18:00:01,771 [INFO] Timeline saved: 251 events across 101 years (1900-2026)
2026-06-29 18:01:24,230 [INFO] Fetching: The Economist
2026-06-29 18:01:24,289 [WARNING] RSS fetch failed: https://www.economist.com/feeds/print-sections/77/business.xml — 403 Client Error: Forbidden for url: https://www.economist.com/feeds/print-sections/77/business.xml
2026-06-29 18:01:24,329 [INFO] Done: 206 new, 198 skipped, 500 total
2026-06-29 18:07:57,310 [INFO]   Step 3/3: Translate
2026-06-29 18:08:04,312 [INFO]   ✅ zh-HK
2026-06-29 18:08:06,337 [INFO] Done: 29 articles
Injected timeline: 20 events, 5 years
Generated globe with 100 articles, 35 source locations
[main 4e09da2] Update 2026-06-29T10:08:06Z
 1 file changed, 1 insertion(+), 1 deletion(-)
To https://github.com/LazyCat00X/chainlens-news.git
   6b39c6f..4e09da2  main -> main
Deployed to GitHub Pages.
=== Done Mon Jun 29 10:08:08 AM UTC 2026 ===
=== AstroAxis Auto-Update Mon Jun 29 12:00:01 PM UTC 2026 ===
2026-06-29 20:00:01,692 [INFO] Added 25 historical events from Wikipedia
2026-06-29 20:00:01,694 [INFO] Timeline saved: 251 events across 101 years (1900-2026)
2026-06-29 20:00:59,289 [INFO] Fetching: The Economist
2026-06-29 20:00:59,399 [WARNING] RSS fetch failed: https://www.economist.com/feeds/print-sections/77/business.xml — 403 Client Error: Forbidden for url: https://www.economist.com/feeds/print-sections/77/business.xml
2026-06-29 20:00:59,440 [INFO] Done: 140 new, 264 skipped, 500 total
2026-06-29 20:07:54,077 [INFO]   Step 3/3: Translate
2026-06-29 20:08:01,349 [INFO]   ✅ zh-HK
2026-06-29 20:08:03,374 [INFO] Done: 29 articles
Injected timeline: 20 events, 5 years
Generated globe with 100 articles, 35 source locations
[main 0f42d3e] Update 2026-06-29T12:08:03Z
 1 file changed, 1 insertion(+), 1 deletion(-)
To https://github.com/LazyCat00X/chainlens-news.git
   6d52857..0f42d3e  main -> main
Deployed to GitHub Pages.
=== Done Mon Jun 29 12:08:05 PM UTC 2026 ===
=== AstroAxis Auto-Update Mon Jun 29 02:00:01 PM UTC 2026 ===
2026-06-29 22:00:02,474 [INFO] Added 25 historical events from Wikipedia
2026-06-29 22:00:02,478 [INFO] Timeline saved: 251 events across 101 years (1900-2026)
2026-06-29 22:01:28,182 [INFO] Fetching: The Economist
2026-06-29 22:01:28,279 [WARNING] RSS fetch failed: https://www.economist.com/feeds/print-sections/77/business.xml — 403 Client Error: Forbidden for url: https://www.economist.com/feeds/print-sections/77/business.xml
2026-06-29 22:01:28,326 [INFO] Done: 94 new, 309 skipped, 500 total
2026-06-29 22:09:22,611 [INFO]   Step 3/3: Translate
2026-06-29 22:09:30,178 [INFO]   ✅ zh-HK, en, zh-CN
2026-06-29 22:09:32,203 [INFO] Done: 30 articles
Injected timeline: 20 events, 5 years
Generated globe with 93 articles, 35 source locations
[main 3da5a77] Update 2026-06-29T14:09:32Z
 1 file changed, 8 insertions(+), 4 deletions(-)
To https://github.com/LazyCat00X/chainlens-news.git
   7176d30..3da5a77  main -> main
Deployed to GitHub Pages.
=== Done Mon Jun 29 02:09:34 PM UTC 2026 ===
=== AstroAxis Auto-Update Mon Jun 29 04:00:01 PM UTC 2026 ===
2026-06-30 00:00:02,250 [INFO] Added 25 historical events from Wikipedia
2026-06-30 00:00:02,255 [INFO] Timeline saved: 251 events across 101 years (1900-2026)
2026-06-30 00:01:24,674 [INFO] Fetching: The Economist
2026-06-30 00:01:24,803 [WARNING] RSS fetch failed: https://www.economist.com/feeds/print-sections/77/business.xml — 403 Client Error: Forbidden for url: https://www.economist.com/feeds/print-sections/77/business.xml
2026-06-30 00:01:24,861 [INFO] Done: 98 new, 305 skipped, 500 total
2026-06-30 00:07:39,478 [INFO]   Step 3/3: Translate
2026-06-30 00:07:45,669 [INFO]   ✅ zh-HK, en, zh-CN, ja, ko
2026-06-30 00:07:47,690 [INFO] Done: 30 articles
Injected timeline: 20 events, 5 years
Generated globe with 100 articles, 35 source locations
[main 12c5894] Update 2026-06-29T16:07:47Z
 1 file changed, 1 insertion(+), 1 deletion(-)
To https://github.com/LazyCat00X/chainlens-news.git
   6a61d17..12c5894  main -> main
Deployed to GitHub Pages.
=== Done Mon Jun 29 04:07:49 PM UTC 2026 ===
=== AstroAxis Auto-Update Mon Jun 29 06:00:01 PM UTC 2026 ===
2026-06-30 02:00:02,954 [INFO] Added 25 historical events from Wikipedia
2026-06-30 02:00:02,964 [INFO] Timeline saved: 251 events across 101 years (1900-2026)
2026-06-30 02:01:25,971 [INFO] Fetching: The Economist
2026-06-30 02:01:26,150 [WARNING] RSS fetch failed: https://www.economist.com/feeds/print-sections/77/business.xml — 403 Client Error: Forbidden for url: https://www.economist.com/feeds/print-sections/77/business.xml
2026-06-30 02:01:26,188 [INFO] Done: 111 new, 295 skipped, 500 total
2026-06-30 02:07:56,870 [INFO]   Step 3/3: Translate
2026-06-30 02:08:04,138 [INFO]   ✅ zh-HK
2026-06-30 02:08:06,159 [INFO] Done: 30 articles
Injected timeline: 20 events, 5 years
Generated globe with 100 articles, 35 source locations
[main bbfd217] Update 2026-06-29T18:08:06Z
 1 file changed, 1 insertion(+), 1 deletion(-)
To https://github.com/LazyCat00X/chainlens-news.git
   12c5894..bbfd217  main -> main
Deployed to GitHub Pages.
=== Done Mon Jun 29 06:08:08 PM UTC 2026 ===
